// Jest Snapshot v1, https://goo.gl/fbAQLP

exports[`PluginPrePublishPanel renders fill properly 1`] = `"<div class=\\"components-panel__body my-plugin-pre-publish-panel is-opened\\"><h2 class=\\"components-panel__body-title\\"><button type=\\"button\\" aria-expanded=\\"true\\" aria-controls=\\"id-7j08v8\\" class=\\"components-button components-panel__body-toggle\\"><span aria-hidden=\\"true\\"><svg width=\\"24\\" height=\\"24\\" viewBox=\\"0 0 24 24\\" xmlns=\\"http://www.w3.org/2000/svg\\" class=\\"components-panel__arrow\\" role=\\"img\\" aria-hidden=\\"true\\" focusable=\\"false\\"><path d=\\"M17 9.4L12 14 7 9.4l-1 1.2 6 5.4 6-5.4z\\"></path></svg></span>My panel title</button></h2><div id=\\"id-7j08v8\\">My panel content</div></div>"`;
